47.39.156.135 - - [02/Apr/2022:02:55:55 +0200] "HEAD /administrator/virus.css HTTP/1.1" 404 0 "-" "DirBuster-1.0-RC1 (http://www.owasp.org/index.php/Category:OWASP_DirBuster_Project)" "-"
47.39.156.135 - - [01/Apr/2022:17:04:32 +0200] "HEAD /modules/022.php HTTP/1.1" 404 0 "-" "DirBuster-1.0-RC1 (http://www.owasp.org/index.php/Category:OWASP_DirBuster_Project)" "-"
96.32.128.5 - - [03/Apr/2022:23:55:59 +0200] "HEAD /images/stories/food/template_images.css HTTP/1.1" 404 0 "-" "DirBuster-1.0-RC1 (http://www.owasp.org/index.php/Category:OWASP_DirBuster_Project)" "-"
47.39.156.135 - - [01/Apr/2022:15:31:41 +0200] "HEAD /images/M_images/289/ HTTP/1.1" 404 0 "-" "DirBuster-1.0-RC1 (http://www.owasp.org/index.php/Category:OWASP_DirBuster_Project)" "-"
47.39.156.135 - - [02/Apr/2022:02:57:21 +0200] "HEAD /modules/mod_bowslideshow/test/1227.js HTTP/1.1" 200 0 "-" "DirBuster-1.0-RC1 (http://www.owasp.org/index.php/Category:OWASP_DirBuster_Project)" "-"
47.39.156.135 - - [02/Apr/2022:03:06:03 +0200] "HEAD /language/sgi/ HTTP/1.1" 404 0 "-" "DirBuster-1.0-RC1 (http://www.owasp.org/index.php/Category:OWASP_DirBuster_Project)" "-"
96.32.128.5 - - [04/Apr/2022:01:50:01 +0200] "HEAD /images/002903.php HTTP/1.1" 404 0 "-" "DirBuster-1.0-RC1 (http://www.owasp.org/index.php/Category:OWASP_DirBuster_Project)" "-"
47.39.156.135 - - [02/Apr/2022:03:22:44 +0200] "GET /includes/footer/erp HTTP/1.1" 200 29 "-" "DirBuster-1.0-RC1 (http://www.owasp.org/index.php/Category:OWASP_DirBuster_Project)" "-"
199.249.230.113 - - [13/May/2022:06:56:23 +0200] "POST /components/com_facileforms/libraries/jquery/uploadify.php HTTP/1.1" 404 263 "-" "Mozilla/5.0 (Windows NT 6.1; 8526 ; Win64; x64) AppleWebKit/537.36 (KHTML, like Gecko) Chrome/95.0.4638.69 Safari/537.36" "-"
47.39.156.135 - - [01/Apr/2022:16:00:01 +0200] "GET /includes/footer/027/ HTTP/1.1" 200 29 "-" "DirBuster-1.0-RC1 (http://www.owasp.org/index.php/Category:OWASP_DirBuster_Project)" "-"
96.32.128.5 - - [04/Apr/2022:01:18:34 +0200] "HEAD /images/stories/fruit/2002_06.html HTTP/1.1" 404 0 "-" "DirBuster-1.0-RC1 (http://www.owasp.org/index.php/Category:OWASP_DirBuster_Project)" "-"
47.39.156.135 - - [02/Apr/2022:03:20:01 +0200] "HEAD /images/banners/930.php HTTP/1.1" 404 0 "-" "DirBuster-1.0-RC1 (http://www.owasp.org/index.php/Category:OWASP_DirBuster_Project)" "-"
73.169.232.206 - - [16/Jan/2022:10:09:04 +0100] "GET /ofnc17112003590213f HTTP/1.1" 404 225 "-" "Fuzz Faster U Fool v1.3.1-dev" "-"
96.32.128.5 - - [03/Apr/2022:23:00:51 +0200] "HEAD /images/assembler.css HTTP/1.1" 404 0 "-" "DirBuster-1.0-RC1 (http://www.owasp.org/index.php/Category:OWASP_DirBuster_Project)" "-"
47.39.156.135 - - [02/Apr/2022:03:09:38 +0200] "HEAD /administrator/templates/mt/ HTTP/1.1" 404 0 "-" "DirBuster-1.0-RC1 (http://www.owasp.org/index.php/Category:OWASP_DirBuster_Project)" "-"
47.39.156.135 - - [01/Apr/2022:16:45:06 +0200] "HEAD /includes/Archive/fax.php HTTP/1.1" 404 0 "-" "DirBuster-1.0-RC1 (http://www.owasp.org/index.php/Category:OWASP_DirBuster_Project)" "-"
73.169.232.206 - - [16/Jan/2022:09:51:16 +0100] "GET /danner HTTP/1.1" 404 212 "-" "Fuzz Faster U Fool v1.3.1-dev" "-"
193.106.31.130 - - [14/May/2021:21:28:51 +0200] "POST /administrator/index.php HTTP/1.0" 200 4481 "-" "Mozilla/4.0 (compatible; MSIE 7.0; Windows NT 6.0)" "-"
96.32.128.5 - - [03/Apr/2022:22:44:44 +0200] "HEAD /images/stories/food/F/ HTTP/1.1" 404 0 "-" "DirBuster-1.0-RC1 (http://www.owasp.org/index.php/Category:OWASP_DirBuster_Project)" "-"
73.169.232.206 - - [16/Jan/2022:09:33:35 +0100] "GET /27546 HTTP/1.1" 404 211 "-" "Fuzz Faster U Fool v1.3.1-dev" "-"
47.39.156.135 - - [01/Apr/2022:20:56:49 +0200] "HEAD /media/196.js HTTP/1.1" 404 0 "-" "DirBuster-1.0-RC1 (http://www.owasp.org/index.php/Category:OWASP_DirBuster_Project)" "-"
96.32.128.5 - - [03/Apr/2022:22:54:44 +0200] "HEAD /images/stories/slideshow/foot.css HTTP/1.1" 404 0 "-" "DirBuster-1.0-RC1 (http://www.owasp.org/index.php/Category:OWASP_DirBuster_Project)" "-"
96.32.128.5 - - [03/Apr/2022:22:44:14 +0200] "HEAD /images/stories/food/118.js HTTP/1.1" 404 0 "-" "DirBuster-1.0-RC1 (http://www.owasp.org/index.php/Category:OWASP_DirBuster_Project)" "-"
193.106.31.130 - - [12/Mar/2021:23:35:31 +0100] "POST /administrator/index.php HTTP/1.0" 200 4481 "-" "Mozilla/4.0 (compatible; MSIE 7.0; Windows NT 6.0)" "-"
47.39.156.135 - - [01/Apr/2022:16:12:11 +0200] "HEAD /templates/jp_hotel/css/database/ HTTP/1.1" 404 0 "-" "DirBuster-1.0-RC1 (http://www.owasp.org/index.php/Category:OWASP_DirBuster_Project)" "-"
47.39.156.135 - - [02/Apr/2022:00:30:04 +0200] "HEAD /plugins/system/426.php HTTP/1.1" 404 0 "-" "DirBuster-1.0-RC1 (http://www.owasp.org/index.php/Category:OWASP_DirBuster_Project)" "-"
96.32.128.5 - - [04/Apr/2022:01:03:32 +0200] "HEAD /images/banners/order-valium.php HTTP/1.1" 404 0 "-" "DirBuster-1.0-RC1 (http://www.owasp.org/index.php/Category:OWASP_DirBuster_Project)" "-"
47.39.156.135 - - [01/Apr/2022:15:31:09 +0200] "GET /INSTALL/football/ HTTP/1.1" 200 29 "-" "DirBuster-1.0-RC1 (http://www.owasp.org/index.php/Category:OWASP_DirBuster_Project)" "-"
47.39.156.135 - - [01/Apr/2022:15:45:01 +0200] "HEAD /plugins/search/junkmail.php HTTP/1.1" 404 0 "-" "DirBuster-1.0-RC1 (http://www.owasp.org/index.php/Category:OWASP_DirBuster_Project)" "-"
13.89.61.99 - - [12/Sep/2021:05:30:24 +0200] "GET /vendor/phpunit/phpunit/src/Util/PHP/PhpunitProcess.php?info HTTP/1.1" 404 260 "-" "libwww-perl/6.05" "-"
47.39.156.135 - - [02/Apr/2022:00:16:03 +0200] "HEAD /templates/system/ice.html HTTP/1.1" 404 0 "-" "DirBuster-1.0-RC1 (http://www.owasp.org/index.php/Category:OWASP_DirBuster_Project)" "-"
47.39.156.135 - - [01/Apr/2022:22:07:16 +0200] "HEAD /templates/system/css/life.php HTTP/1.1" 404 0 "-" "DirBuster-1.0-RC1 (http://www.owasp.org/index.php/Category:OWASP_DirBuster_Project)" "-"
47.39.156.135 - - [01/Apr/2022:22:21:06 +0200] "HEAD /templates/jp_hotel/dot_clear.php HTTP/1.1" 404 0 "-" "DirBuster-1.0-RC1 (http://www.owasp.org/index.php/Category:OWASP_DirBuster_Project)" "-"
47.39.156.135 - - [01/Apr/2022:16:20:02 +0200] "HEAD /plugins/editors/bullet.php HTTP/1.1" 404 0 "-" "DirBuster-1.0-RC1 (http://www.owasp.org/index.php/Category:OWASP_DirBuster_Project)" "-"
47.39.156.135 - - [01/Apr/2022:16:08:51 +0200] "HEAD /plugins/search/13.php HTTP/1.1" 404 0 "-" "DirBuster-1.0-RC1 (http://www.owasp.org/index.php/Category:OWASP_DirBuster_Project)" "-"
96.32.128.5 - - [04/Apr/2022:00:23:38 +0200] "HEAD /images/undo.css HTTP/1.1" 404 0 "-" "DirBuster-1.0-RC1 (http://www.owasp.org/index.php/Category:OWASP_DirBuster_Project)" "-"
14.139.110.137 - - [12/Apr/2022:09:58:54 +0200] "GET /apache-log/access.log HTTP/1.1" 206 24576 "http://www.almhuette-raith.at/apache-log/" "Mozilla/5.0 (Windows NT 6.1; Trident/7.0; rv:11.0) like Gecko" "-"
73.169.232.206 - - [16/Jan/2022:09:27:55 +0100] "GET /3041 HTTP/1.1" 404 210 "-" "Fuzz Faster U Fool v1.3.1-dev" "-"
73.169.232.206 - - [16/Jan/2022:10:20:23 +0100] "GET /images/40158 HTTP/1.1" 404 218 "-" "Fuzz Faster U Fool v1.3.1-dev" "-"
82.209.218.4 - - [23/Feb/2022:16:50:50 +0100] "GET /apache-log/access.log HTTP/1.1" 206 1024 "-" "-" "-"
47.39.156.135 - - [01/Apr/2022:15:33:18 +0200] "HEAD /templates/system/html/page5.php HTTP/1.1" 404 0 "-" "DirBuster-1.0-RC1 (http://www.owasp.org/index.php/Category:OWASP_DirBuster_Project)" "-"
47.39.156.135 - - [01/Apr/2022:15:40:42 +0200] "HEAD /modules/mod_bowslideshow/tmpl/css/deutsch.php HTTP/1.1" 404 0 "-" "DirBuster-1.0-RC1 (http://www.owasp.org/index.php/Category:OWASP_DirBuster_Project)" "-"
96.32.128.5 - - [04/Apr/2022:00:20:33 +0200] "HEAD /images/stories/1016Corbis.css HTTP/1.1" 404 0 "-" "DirBuster-1.0-RC1 (http://www.owasp.org/index.php/Category:OWASP_DirBuster_Project)" "-"
14.139.110.137 - - [12/Apr/2022:09:48:45 +0200] "GET /apache-log/access.log HTTP/1.1" 206 24576 "http://www.almhuette-raith.at/apache-log/" "Mozilla/5.0 (Windows NT 6.1; Trident/7.0; rv:11.0) like Gecko" "-"
47.39.156.135 - - [02/Apr/2022:01:37:29 +0200] "HEAD /plugins/system/legacy/category/strona_7.php HTTP/1.1" 200 0 "-" "DirBuster-1.0-RC1 (http://www.owasp.org/index.php/Category:OWASP_DirBuster_Project)" "-"
201.77.65.63 - - [21/Dec/2020:02:33:30 +0100] "POST /administrator/index.php HTTP/1.1" 200 4498 "-" "Mozilla/4.0 (compatible; Win32; WinHttp.WinHttpRequest.5)" "-"
181.215.0.49 - - [18/Jul/2021:13:58:13 +0200] "GET /administrator/index.php HTTP/1.1" 200 4263 "-" "Mozilla/5.0 (Windows NT 6.1) AppleWebKit/537.36 (KHTML, like Gecko) Chrome/45.0.2454.85 Safari/537.36 OPR/32.0.1948.45" "-"
193.106.31.130 - - [10/Jun/2021:18:33:50 +0200] "POST /administrator/index.php HTTP/1.0" 200 4481 "-" "Mozilla/4.0 (compatible; MSIE 7.0; Windows NT 6.0)" "-"
96.32.128.5 - - [03/Apr/2022:23:15:39 +0200] "HEAD /images/tomcat.php HTTP/1.1" 404 0 "-" "DirBuster-1.0-RC1 (http://www.owasp.org/index.php/Category:OWASP_DirBuster_Project)" "-"
96.32.128.5 - - [03/Apr/2022:22:53:37 +0200] "HEAD /images/smilies/622.js HTTP/1.1" 404 0 "-" "DirBuster-1.0-RC1 (http://www.owasp.org/index.php/Category:OWASP_DirBuster_Project)" "-"
193.106.31.130 - - [13/Mar/2021:17:26:50 +0100] "POST /administrator/index.php HTTP/1.0" 200 4481 "-" "Mozilla/4.0 (compatible; MSIE 7.0; Windows NT 6.0)" "-"
47.39.156.135 - - [01/Apr/2022:15:55:59 +0200] "HEAD /tmp/2006_03.php HTTP/1.1" 404 0 "-" "DirBuster-1.0-RC1 (http://www.owasp.org/index.php/Category:OWASP_DirBuster_Project)" "-"
96.32.128.5 - - [03/Apr/2022:22:40:47 +0200] "HEAD /images/banners/37.js HTTP/1.1" 404 0 "-" "DirBuster-1.0-RC1 (http://www.owasp.org/index.php/Category:OWASP_DirBuster_Project)" "-"
47.39.156.135 - - [01/Apr/2022:15:49:01 +0200] "HEAD /images/agency/ HTTP/1.1" 404 0 "-" "DirBuster-1.0-RC1 (http://www.owasp.org/index.php/Category:OWASP_DirBuster_Project)" "-"
47.39.156.135 - - [02/Apr/2022:00:21:14 +0200] "GET /modules/mod_bowslideshow/tmpl/default/590/ HTTP/1.1" 200 29 "-" "DirBuster-1.0-RC1 (http://www.owasp.org/index.php/Category:OWASP_DirBuster_Project)" "-"
82.209.218.4 - - [23/Feb/2022:17:44:53 +0100] "GET /apache-log/access.log HTTP/1.1" 206 1024 "-" "-" "-"
198.20.178.247 - - [14/Dec/2021:21:25:40 +0100] "GET /index.php?option=com_easyblog&view=dashboard&layout=write HTTP/1.1" 404 1397 "http://www.almhuette-raith.at/" "Mozilla/5.0 (Windows NT 6.3; WOW64) AppleWebKit/537.36 (KHTML, like Gecko) Chrome/66.0.3359.139 Safari/537.36" "-"
143.198.199.72 - - [30/Nov/2022:08:17:22 +0100] "POST /administrator/index.php HTTP/1.1" 200 4494 "-" "Mozilla/5.0 (Windows NT 10.0; Win64; x64; rv:65.0) Gecko/20100101 Firefox/65.0" "-"
96.32.128.5 - - [04/Apr/2022:00:08:25 +0200] "HEAD /images/stories/fruit/comment.jpg HTTP/1.1" 404 0 "-" "DirBuster-1.0-RC1 (http://www.owasp.org/index.php/Category:OWASP_DirBuster_Project)" "-"
14.139.110.137 - - [12/Apr/2022:09:39:39 +0200] "GET /apache-log/access.log HTTP/1.1" 206 39176 "http://www.almhuette-raith.at/apache-log/" "Mozilla/5.0 (Windows NT 6.1; Trident/7.0; rv:11.0) like Gecko" "-"
81.16.140.137 - - [25/Dec/2020:17:56:08 +0100] "GET /index.php?option=com_contact&view=contact&id=1 HTTP/1.1" 200 9873 "-" "Mozilla/5.0(Linux;Android9;SAMSUNGSM-T820)AppleWebKit/537.36(KHTML,likeGecko)SamsungBrowser/12.1Chrome/79.0.3945.136Safari/537.36" "-"
47.39.156.135 - - [01/Apr/2022:15:46:40 +0200] "HEAD /modules/mod_bowslideshow/tmpl/flights.php HTTP/1.1" 404 0 "-" "DirBuster-1.0-RC1 (http://www.owasp.org/index.php/Category:OWASP_DirBuster_Project)" "-"
73.169.232.206 - - [16/Jan/2022:09:25:14 +0100] "GET /msg04430 HTTP/1.1" 404 214 "-" "Fuzz Faster U Fool v1.3.1-dev" "-"
47.39.156.135 - - [01/Apr/2022:16:52:45 +0200] "HEAD /media/system/js/684/ HTTP/1.1" 404 0 "-" "DirBuster-1.0-RC1 (http://www.owasp.org/index.php/Category:OWASP_DirBuster_Project)" "-"
73.169.232.206 - - [16/Jan/2022:09:44:47 +0100] "GET /137668 HTTP/1.1" 404 212 "-" "Fuzz Faster U Fool v1.3.1-dev" "-"
47.39.156.135 - - [01/Apr/2022:22:07:46 +0200] "GET /includes/application/24.php HTTP/1.1" 200 29 "-" "DirBuster-1.0-RC1 (http://www.owasp.org/index.php/Category:OWASP_DirBuster_Project)" "-"
96.32.128.5 - - [03/Apr/2022:23:22:34 +0200] "HEAD /images/M_images/1838.php HTTP/1.1" 404 0 "-" "DirBuster-1.0-RC1 (http://www.owasp.org/index.php/Category:OWASP_DirBuster_Project)" "-"
96.32.128.5 - - [04/Apr/2022:01:11:50 +0200] "HEAD /images/back_small.css HTTP/1.1" 404 0 "-" "DirBuster-1.0-RC1 (http://www.owasp.org/index.php/Category:OWASP_DirBuster_Project)" "-"
96.32.128.5 - - [03/Apr/2022:22:57:53 +0200] "HEAD /images/stories/anti/ HTTP/1.1" 404 0 "-" "DirBuster-1.0-RC1 (http://www.owasp.org/index.php/Category:OWASP_DirBuster_Project)" "-"
96.32.128.5 - - [03/Apr/2022:22:46:40 +0200] "HEAD /images/321.php HTTP/1.1" 404 0 "-" "DirBuster-1.0-RC1 (http://www.owasp.org/index.php/Category:OWASP_DirBuster_Project)" "-"
96.32.128.5 - - [04/Apr/2022:00:48:59 +0200] "HEAD /images/banners/economicdispatch.php HTTP/1.1" 404 0 "-" "DirBuster-1.0-RC1 (http://www.owasp.org/index.php/Category:OWASP_DirBuster_Project)" "-"
47.39.156.135 - - [01/Apr/2022:23:57:52 +0200] "HEAD /images/stories/raith/lab.html HTTP/1.1" 404 0 "-" "DirBuster-1.0-RC1 (http://www.owasp.org/index.php/Category:OWASP_DirBuster_Project)" "-"
73.169.232.206 - - [16/Jan/2022:09:51:42 +0100] "GET /privacystill HTTP/1.1" 404 218 "-" "Fuzz Faster U Fool v1.3.1-dev" "-"
96.32.128.5 - - [04/Apr/2022:01:41:51 +0200] "HEAD /images/smilies/21149/ HTTP/1.1" 404 0 "-" "DirBuster-1.0-RC1 (http://www.owasp.org/index.php/Category:OWASP_DirBuster_Project)" "-"
47.39.156.135 - - [01/Apr/2022:16:38:44 +0200] "HEAD /templates/jp_hotel/images/addons.php HTTP/1.1" 404 0 "-" "DirBuster-1.0-RC1 (http://www.owasp.org/index.php/Category:OWASP_DirBuster_Project)" "-"
96.32.128.5 - - [04/Apr/2022:00:30:41 +0200] "HEAD /images/M_images/Teaching-Tools.jpg HTTP/1.1" 404 0 "-" "DirBuster-1.0-RC1 (http://www.owasp.org/index.php/Category:OWASP_DirBuster_Project)" "-"
47.39.156.135 - - [01/Apr/2022:17:17:51 +0200] "HEAD /plugins/editors/1110.php HTTP/1.1" 404 0 "-" "DirBuster-1.0-RC1 (http://www.owasp.org/index.php/Category:OWASP_DirBuster_Project)" "-"
47.39.156.135 - - [01/Apr/2022:15:50:23 +0200] "HEAD /modules/mod_bowslideshow/thailand.php HTTP/1.1" 404 0 "-" "DirBuster-1.0-RC1 (http://www.owasp.org/index.php/Category:OWASP_DirBuster_Project)" "-"
96.32.128.5 - - [04/Apr/2022:00:32:23 +0200] "HEAD /images/M_images/00000019/ HTTP/1.1" 404 0 "-" "DirBuster-1.0-RC1 (http://www.owasp.org/index.php/Category:OWASP_DirBuster_Project)" "-"
47.39.156.135 - - [01/Apr/2022:15:33:00 +0200] "HEAD /cache/20061207/ HTTP/1.1" 404 0 "-" "DirBuster-1.0-RC1 (http://www.owasp.org/index.php/Category:OWASP_DirBuster_Project)" "-"
193.106.31.130 - - [16/May/2021:20:19:51 +0200] "POST /administrator/index.php HTTP/1.0" 200 4481 "-" "Mozilla/4.0 (compatible; MSIE 7.0; Windows NT 6.0)" "-"
47.39.156.135 - - [02/Apr/2022:02:01:56 +0200] "HEAD /plugins/system/legacy/profiles.html HTTP/1.1" 404 0 "-" "DirBuster-1.0-RC1 (http://www.owasp.org/index.php/Category:OWASP_DirBuster_Project)" "-"
113.14.181.185 - - [11/Jul/2022:14:11:56 +0200] "GET /apache-log/access.log HTTP/1.1" 206 46176 "https://www.google.com/search?q=filetype:log+access&newwindow=1&sxsrf=ALiCzsZlfpGy6zLdkrZ1xyZhMat0Ws-8GA:1657467179999&ei=K_HKYqrFPK-S1e8PsKi96Aw&start=0&sa=N&ved=2ahUKEwjqhvaz0u74AhUvSfUHHTBUD804ChDy0wN6BAgBEDw&biw=2560&bih=1304&dpr=2" "Mozilla/5.0 (Macintosh; Intel Mac OS X 10_15_7) AppleWebKit/537.36 (KHTML, like Gecko) Chrome/103.0.0.0 Safari/537.36" "-"
47.39.156.135 - - [01/Apr/2022:20:58:09 +0200] "HEAD /images/stories/slideshow/job.php HTTP/1.1" 404 0 "-" "DirBuster-1.0-RC1 (http://www.owasp.org/index.php/Category:OWASP_DirBuster_Project)" "-"
64.233.172.169 - - [17/Jan/2021:22:44:57 +0100] "GET /apache-log/access.log HTTP/1.1" 200 18118960 "https://gist.github.com/rm-hull/bd60aed44024e9986e3c" "Mozilla/5.0 (Windows NT 10.0; Win64; x64) AppleWebKit/537.36 (KHTML, like Gecko) Chrome/84.0.4147.105 Safari/537.36" "-"
47.39.156.135 - - [01/Apr/2022:21:14:21 +0200] "GET /modules/mod_bowslideshow/tmpl/default/207.js HTTP/1.1" 200 29 "-" "DirBuster-1.0-RC1 (http://www.owasp.org/index.php/Category:OWASP_DirBuster_Project)" "-"
46.5.3.106 - - [15/Jun/2022:00:13:38 +0200] "GET /apache-log/access.log HTTP/1.1" 200 17873152 "-" "curl/7.74.0" "-"
47.39.156.135 - - [01/Apr/2022:15:24:31 +0200] "HEAD /templates/222/ HTTP/1.1" 404 0 "-" "DirBuster-1.0-RC1 (http://www.owasp.org/index.php/Category:OWASP_DirBuster_Project)" "-"
47.39.156.135 - - [01/Apr/2022:16:15:17 +0200] "HEAD /libraries/PrivacyPolicy.php HTTP/1.1" 404 0 "-" "DirBuster-1.0-RC1 (http://www.owasp.org/index.php/Category:OWASP_DirBuster_Project)" "-"
216.244.66.230 - - [14/Nov/2021:08:04:35 +0100] "GET /robots.txt HTTP/1.1" 200 304 "-" "Mozilla/5.0 (compatible; DotBot/1.2; +https://opensiteexplorer.org/dotbot; help@moz.com)" "-"
47.39.156.135 - - [02/Apr/2022:02:43:07 +0200] "GET /INSTALL/Pictures.php HTTP/1.1" 200 29 "-" "DirBuster-1.0-RC1 (http://www.owasp.org/index.php/Category:OWASP_DirBuster_Project)" "-"
73.169.232.206 - - [16/Jan/2022:09:49:11 +0100] "GET /000095256 HTTP/1.1" 404 215 "-" "Fuzz Faster U Fool v1.3.1-dev" "-"
95.208.160.29 - - [17/Sep/2022:13:46:41 +0200] "GET /vps-hosting HTTP/1.1" 404 217 "-" "gobuster/3.1.0" "-"
47.39.156.135 - - [01/Apr/2022:16:02:31 +0200] "GET /administrator/index2/sb/ HTTP/1.1" 200 4267 "-" "DirBuster-1.0-RC1 (http://www.owasp.org/index.php/Category:OWASP_DirBuster_Project)" "-"
47.39.156.135 - - [01/Apr/2022:22:55:51 +0200] "HEAD /modules/mod_bowslideshow/tmpl/css/gift.php HTTP/1.1" 404 0 "-" "DirBuster-1.0-RC1 (http://www.owasp.org/index.php/Category:OWASP_DirBuster_Project)" "-"
193.106.31.130 - - [02/Mar/2021:07:37:55 +0100] "POST /administrator/index.php HTTP/1.0" 200 4481 "-" "Mozilla/4.0 (compatible; MSIE 7.0; Windows NT 6.0)" "-"
96.32.128.5 - - [03/Apr/2022:22:58:39 +0200] "HEAD /images/stories/food/types.html HTTP/1.1" 404 0 "-" "DirBuster-1.0-RC1 (http://www.owasp.org/index.php/Category:OWASP_DirBuster_Project)" "-"
47.39.156.135 - - [01/Apr/2022:20:19:09 +0200] "HEAD /images/sport.js HTTP/1.1" 404 0 "-" "DirBuster-1.0-RC1 (http://www.owasp.org/index.php/Category:OWASP_DirBuster_Project)" "-"
96.32.128.5 - - [03/Apr/2022:23:21:30 +0200] "HEAD /images/smilies/Signup.php HTTP/1.1" 404 0 "-" "DirBuster-1.0-RC1 (http://www.owasp.org/index.php/Category:OWASP_DirBuster_Project)" "-"
47.39.156.135 - - [01/Apr/2022:16:16:32 +0200] "HEAD /templates/jp_hotel/js/Firewalls.php HTTP/1.1" 404 0 "-" "DirBuster-1.0-RC1 (http://www.owasp.org/index.php/Category:OWASP_DirBuster_Project)" "-"
73.169.232.206 - - [16/Jan/2022:09:29:50 +0100] "GET /programsatoz_a HTTP/1.1" 404 220 "-" "Fuzz Faster U Fool v1.3.1-dev" "-"
47.39.156.135 - - [02/Apr/2022:01:53:17 +0200] "HEAD /images/banners/keys.css HTTP/1.1" 404 0 "-" "DirBuster-1.0-RC1 (http://www.owasp.org/index.php/Category:OWASP_DirBuster_Project)" "-"
96.32.128.5 - - [03/Apr/2022:22:41:29 +0200] "HEAD /images/stories/delicious.js HTTP/1.1" 404 0 "-" "DirBuster-1.0-RC1 (http://www.owasp.org/index.php/Category:OWASP_DirBuster_Project)" "-"
147.78.47.37 - - [20/Nov/2022:09:33:41 +0100] "POST /index.php HTTP/1.1" 500 88 "-" "Mozilla/4.0 (compatible; MSIE 8.0; Windows NT 6.1; WOW64; Trident/4.0; SLCC2; .NET CLR 2.0.50727; .NET CLR 3.5.30729; .NET CLR 3.0.30729; Media Center PC 6.0; InfoPath.2; OfficeLiveConnector.1.4; OfficeLivePatch.1.3; yie8)" "-"
96.32.128.5 - - [04/Apr/2022:00:23:23 +0200] "HEAD /images/smilies/spring04.css HTTP/1.1" 404 0 "-" "DirBuster-1.0-RC1 (http://www.owasp.org/index.php/Category:OWASP_DirBuster_Project)" "-"
143.198.199.72 - - [30/Nov/2022:08:40:06 +0100] "POST /administrator/index.php HTTP/1.1" 200 4494 "-" "Mozilla/5.0 (Windows NT 10.0; Win64; x64; rv:65.0) Gecko/20100101 Firefox/65.0" "-"
47.39.156.135 - - [01/Apr/2022:15:32:52 +0200] "HEAD /1397.php HTTP/1.1" 404 0 "-" "DirBuster-1.0-RC1 (http://www.owasp.org/index.php/Category:OWASP_DirBuster_Project)" "-"
73.169.232.206 - - [16/Jan/2022:09:32:54 +0100] "GET //index.php?option=com_phocagallery%22%29%20AND%207010%3DCAST%28%28CHR%28113%29%7C%7CCHR%28112%29%7C%7CCHR%28107%29%7C%7CCHR%28118%29%7C%7CCHR%28113%29%29%7C%7C%28SELECT%20%28CASE%20WHEN%20%287010%3D7010%29%20THEN%20BITCOUNT%28BITSTRING_TO_BINARY%28%28CHR%2849%29%29%29%29%20ELSE%20BITCOUNT%28BITSTRING_TO_BINARY%28%28CHR%2848%29%29%29%29%20END%29%29%3A%3Avarchar%7C%7C%28CHR%28113%29%7C%7CCHR%28122%29%7C%7CCHR%28112%29%7C%7CCHR%28106%29%7C%7CCHR%28113%29%29%20AS%20NUMERIC%29%20AND%20%28%22Fviy%22%3D%22Fviy&view=category&id=2%3Awinterfotos&Itemid=53 HTTP/1.1" 404 1397 "http://www.almhuette-raith.at:80//index.php" "sqlmap/1.6.1.2#dev (https://sqlmap.org)" "-"
47.39.156.135 - - [01/Apr/2022:23:34:27 +0200] "HEAD /plugins/content/guardian HTTP/1.1" 404 0 "-" "DirBuster-1.0-RC1 (http://www.owasp.org/index.php/Category:OWASP_DirBuster_Project)" "-"
96.32.128.5 - - [03/Apr/2022:23:42:04 +0200] "HEAD /images/stories/24h.jpg HTTP/1.1" 404 0 "-" "DirBuster-1.0-RC1 (http://www.owasp.org/index.php/Category:OWASP_DirBuster_Project)" "-"
47.39.156.135 - - [01/Apr/2022:16:40:33 +0200] "HEAD /plugins/search/ivw/ HTTP/1.1" 404 0 "-" "DirBuster-1.0-RC1 (http://www.owasp.org/index.php/Category:OWASP_DirBuster_Project)" "-"
47.39.156.135 - - [02/Apr/2022:03:17:55 +0200] "GET /templates/system/html/modules/style_emoticons.js HTTP/1.1" 200 29 "-" "DirBuster-1.0-RC1 (http://www.owasp.org/index.php/Category:OWASP_DirBuster_Project)" "-"
47.39.156.135 - - [02/Apr/2022:00:58:33 +0200] "HEAD /includes/js/tabs/funny.html HTTP/1.1" 404 0 "-" "DirBuster-1.0-RC1 (http://www.owasp.org/index.php/Category:OWASP_DirBuster_Project)" "-"
47.39.156.135 - - [01/Apr/2022:16:33:57 +0200] "HEAD /templates/system/html/loan/ HTTP/1.1" 404 0 "-" "DirBuster-1.0-RC1 (http://www.owasp.org/index.php/Category:OWASP_DirBuster_Project)" "-"
82.209.218.4 - - [23/Feb/2022:23:12:44 +0100] "GET /apache-log/access.log HTTP/1.1" 206 1024 "-" "-" "-"
47.39.156.135 - - [01/Apr/2022:17:12:06 +0200] "HEAD /modules/mod_bowslideshow/tmpl/js/Guardian.php HTTP/1.1" 404 0 "-" "DirBuster-1.0-RC1 (http://www.owasp.org/index.php/Category:OWASP_DirBuster_Project)" "-"
47.39.156.135 - - [02/Apr/2022:02:37:36 +0200] "HEAD /modules/mod_bowslideshow/tmpl/images/55017 HTTP/1.1" 404 0 "-" "DirBuster-1.0-RC1 (http://www.owasp.org/index.php/Category:OWASP_DirBuster_Project)" "-"
47.39.156.135 - - [01/Apr/2022:22:22:04 +0200] "HEAD /libraries/paypal.css HTTP/1.1" 404 0 "-" "DirBuster-1.0-RC1 (http://www.owasp.org/index.php/Category:OWASP_DirBuster_Project)" "-"
73.169.232.206 - - [16/Jan/2022:10:05:23 +0100] "GET /335878279 HTTP/1.1" 404 215 "-" "Fuzz Faster U Fool v1.3.1-dev" "-"
193.106.31.130 - - [13/May/2021:08:00:36 +0200] "POST /administrator/index.php HTTP/1.0" 200 4481 "-" "Mozilla/4.0 (compatible; MSIE 7.0; Windows NT 6.0)" "-"
47.39.156.135 - - [01/Apr/2022:22:21:56 +0200] "GET /templates/system/component/computing.html HTTP/1.1" 200 29 "-" "DirBuster-1.0-RC1 (http://www.owasp.org/index.php/Category:OWASP_DirBuster_Project)" "-"
96.32.128.5 - - [03/Apr/2022:22:41:46 +0200] "HEAD /images/galleries.html HTTP/1.1" 404 0 "-" "DirBuster-1.0-RC1 (http://www.owasp.org/index.php/Category:OWASP_DirBuster_Project)" "-"
47.39.156.135 - - [01/Apr/2022:16:12:58 +0200] "HEAD /images/banners/admissions.php HTTP/1.1" 404 0 "-" "DirBuster-1.0-RC1 (http://www.owasp.org/index.php/Category:OWASP_DirBuster_Project)" "-"
73.169.232.206 - - [16/Jan/2022:09:54:35 +0100] "GET /hidhazzds HTTP/1.1" 404 215 "-" "Fuzz Faster U Fool v1.3.1-dev" "-"
179.60.147.173 - - [09/Dec/2022:20:30:28 +0100] "POST /index.php HTTP/1.1" 404 1397 "-" "Mozilla/5.0 (Windows; U; Windows NT 6.1; en-US; rv:1.9.0.13) Gecko/2009073022 Firefox/3.0.13 (.NET CLR 3.5.30729)" "-"
47.39.156.135 - - [01/Apr/2022:22:12:34 +0200] "HEAD /includes/js/calendar/grcom_foot HTTP/1.1" 404 0 "-" "DirBuster-1.0-RC1 (http://www.owasp.org/index.php/Category:OWASP_DirBuster_Project)" "-"
157.55.39.50 - - [15/Feb/2022:06:02:00 +0100] "GET / HTTP/1.1" 200 10479 "-" "Mozilla/5.0 (compatible; bingbot/2.0; +http://www.bing.com/bingbot.htm)" "-"
96.32.128.5 - - [04/Apr/2022:01:42:06 +0200] "HEAD /images/stories/slideshow/PPPoE.php HTTP/1.1" 404 0 "-" "DirBuster-1.0-RC1 (http://www.owasp.org/index.php/Category:OWASP_DirBuster_Project)" "-"
96.32.128.5 - - [04/Apr/2022:00:21:05 +0200] "HEAD /images/META.css HTTP/1.1" 404 0 "-" "DirBuster-1.0-RC1 (http://www.owasp.org/index.php/Category:OWASP_DirBuster_Project)" "-"
96.32.128.5 - - [03/Apr/2022:23:57:21 +0200] "HEAD /images/stories/Trivia/ HTTP/1.1" 404 0 "-" "DirBuster-1.0-RC1 (http://www.owasp.org/index.php/Category:OWASP_DirBuster_Project)" "-"
47.39.156.135 - - [01/Apr/2022:16:28:18 +0200] "HEAD /cache/brand/ HTTP/1.1" 404 0 "-" "DirBuster-1.0-RC1 (http://www.owasp.org/index.php/Category:OWASP_DirBuster_Project)" "-"
47.39.156.135 - - [02/Apr/2022:00:29:35 +0200] "HEAD /modules/mod_bowslideshow/708 HTTP/1.1" 404 0 "-" "DirBuster-1.0-RC1 (http://www.owasp.org/index.php/Category:OWASP_DirBuster_Project)" "-"
73.169.232.206 - - [16/Jan/2022:09:43:38 +0100] "GET /115260 HTTP/1.1" 404 212 "-" "Fuzz Faster U Fool v1.3.1-dev" "-"
84.17.45.105 - - [02/May/2021:11:54:10 +0200] "GET /index.php?option=com_content&view=article&id=%27,(SELECT%20%271%27%20FROM%20information_schema.`TABLES`%20WHERE%20TABLE_NAME%20like%27FILES%27))--%20&catid=34:raith HTTP/1.1" 404 1397 "-" "Mozilla/5.0 (Windows NT 10.0) AppleWebKit/537.36 (KHTML, like Gecko) Chrome/42.0.2311.135 Safari/537.36 Edge/12.10240" "-"
81.24.197.144 - - [01/Sep/2021:05:40:26 +0200] "GET /public/Index2.php HTTP/1.1" 404 223 "-" "libwww-perl/6.05" "-"
73.169.232.206 - - [16/Jan/2022:09:41:05 +0100] "GET /58435 HTTP/1.1" 404 211 "-" "Fuzz Faster U Fool v1.3.1-dev" "-"
47.39.156.135 - - [01/Apr/2022:21:17:19 +0200] "HEAD /language/star HTTP/1.1" 404 0 "-" "DirBuster-1.0-RC1 (http://www.owasp.org/index.php/Category:OWASP_DirBuster_Project)" "-"
47.39.156.135 - - [02/Apr/2022:00:38:07 +0200] "HEAD /logs/enduser HTTP/1.1" 404 0 "-" "DirBuster-1.0-RC1 (http://www.owasp.org/index.php/Category:OWASP_DirBuster_Project)" "-"
213.136.88.4 - - [31/Jul/2022:01:14:02 +0200] "HEAD /old HTTP/1.1" 404 0 "-" "Mozilla/5.0 (Windows NT 10.0; Win64; x64) AppleWebKit/537.36 (KHTML, like Gecko) Chrome/74.0.3729.169 Safari/537.36" "-"
73.169.232.206 - - [16/Jan/2022:09:29:55 +0100] "GET /trackscleaner HTTP/1.1" 404 219 "-" "Fuzz Faster U Fool v1.3.1-dev" "-"
197.52.128.37 - - [21/Feb/2021:18:03:27 +0100] "GET /apache-log/access.log HTTP/1.1" 206 42000 "http://www.almhuette-raith.at/apache-log/" "Mozilla/5.0 (Windows NT 6.1; Trident/7.0; rv:11.0) like Gecko" "-"
47.39.156.135 - - [01/Apr/2022:15:36:37 +0200] "HEAD /plugins/content/s2/ HTTP/1.1" 404 0 "-" "DirBuster-1.0-RC1 (http://www.owasp.org/index.php/Category:OWASP_DirBuster_Project)" "-"
47.39.156.135 - - [01/Apr/2022:23:09:23 +0200] "HEAD /includes/tickets.css HTTP/1.1" 404 0 "-" "DirBuster-1.0-RC1 (http://www.owasp.org/index.php/Category:OWASP_DirBuster_Project)" "-"
47.39.156.135 - - [01/Apr/2022:16:46:18 +0200] "HEAD /plugins/system/legacy/content/global.php HTTP/1.1" 200 0 "-" "DirBuster-1.0-RC1 (http://www.owasp.org/index.php/Category:OWASP_DirBuster_Project)" "-"
47.39.156.135 - - [02/Apr/2022:02:57:27 +0200] "HEAD /plugins/user/System HTTP/1.1" 404 0 "-" "DirBuster-1.0-RC1 (http://www.owasp.org/index.php/Category:OWASP_DirBuster_Project)" "-"
47.39.156.135 - - [01/Apr/2022:15:32:05 +0200] "HEAD /plugins/user/returns.php HTTP/1.1" 404 0 "-" "DirBuster-1.0-RC1 (http://www.owasp.org/index.php/Category:OWASP_DirBuster_Project)" "-"
73.169.232.206 - - [16/Jan/2022:09:47:20 +0100] "GET /cambforall HTTP/1.1" 404 216 "-" "Fuzz Faster U Fool v1.3.1-dev" "-"
96.32.128.5 - - [04/Apr/2022:01:42:02 +0200] "HEAD /images/stories/search-KS.js HTTP/1.1" 404 0 "-" "DirBuster-1.0-RC1 (http://www.owasp.org/index.php/Category:OWASP_DirBuster_Project)" "-"
193.106.31.130 - - [08/Jul/2021:16:33:21 +0200] "POST /administrator/index.php HTTP/1.0" 200 4481 "-" "Mozilla/4.0 (compatible; MSIE 7.0; Windows NT 6.0)" "-"
73.169.232.206 - - [16/Jan/2022:09:28:15 +0100] "GET /snoopy HTTP/1.1" 404 212 "-" "Fuzz Faster U Fool v1.3.1-dev" "-"
47.39.156.135 - - [01/Apr/2022:15:50:02 +0200] "HEAD /includes/menu/1598.php HTTP/1.1" 200 0 "-" "DirBuster-1.0-RC1 (http://www.owasp.org/index.php/Category:OWASP_DirBuster_Project)" "-"
96.32.128.5 - - [04/Apr/2022:01:15:28 +0200] "HEAD /images/stories/fruit/MLB/ HTTP/1.1" 404 0 "-" "DirBuster-1.0-RC1 (http://www.owasp.org/index.php/Category:OWASP_DirBuster_Project)" "-"
47.39.156.135 - - [01/Apr/2022:16:18:08 +0200] "HEAD /includes/js/calendar/golf/ HTTP/1.1" 404 0 "-" "DirBuster-1.0-RC1 (http://www.owasp.org/index.php/Category:OWASP_DirBuster_Project)" "-"
47.39.156.135 - - [02/Apr/2022:01:12:42 +0200] "HEAD /templates/system/html/icon_rss.css HTTP/1.1" 404 0 "-" "DirBuster-1.0-RC1 (http://www.owasp.org/index.php/Category:OWASP_DirBuster_Project)" "-"
73.169.232.206 - - [16/Jan/2022:10:20:10 +0100] "GET /images/ism HTTP/1.1" 404 216 "-" "Fuzz Faster U Fool v1.3.1-dev" "-"
82.209.218.4 - - [23/Feb/2022:22:52:51 +0100] "GET /apache-log/access.log HTTP/1.1" 206 1024 "-" "-" "-"
198.137.18.192 - - [29/Mar/2022:20:28:33 +0200] "HEAD /modules/mod_bowslideshow/tmpl/images/mailman.php HTTP/1.1" 404 0 "-" "DirBuster-1.0-RC1 (http://www.owasp.org/index.php/Category:OWASP_DirBuster_Project)" "-"
73.169.232.206 - - [16/Jan/2022:09:50:06 +0100] "GET /a4s0t8qshdao7 HTTP/1.1" 404 219 "-" "Fuzz Faster U Fool v1.3.1-dev" "-"
213.225.6.14 - - [26/Aug/2022:13:19:39 +0200] "GET /templates/jp_hotel/js/moomenu.js HTTP/1.1" 200 4890 "http://almhuette-raith.at/index.php?option=com_content&view=article&id=49&Itemid=55" "Mozilla/5.0 (Linux; Android 10; VOG-L29) AppleWebKit/537.36 (KHTML, like Gecko) Chrome/104.0.0.0 Mobile Safari/537.36" "-"
96.32.128.5 - - [04/Apr/2022:00:56:18 +0200] "HEAD /images/M_images/18944/ HTTP/1.1" 404 0 "-" "DirBuster-1.0-RC1 (http://www.owasp.org/index.php/Category:OWASP_DirBuster_Project)" "-"
47.39.156.135 - - [02/Apr/2022:02:14:51 +0200] "HEAD /plugins/system/legacy/content/119.php HTTP/1.1" 200 0 "-" "DirBuster-1.0-RC1 (http://www.owasp.org/index.php/Category:OWASP_DirBuster_Project)" "-"
47.39.156.135 - - [02/Apr/2022:00:44:52 +0200] "HEAD /templates/system/images/controller.js HTTP/1.1" 404 0 "-" "DirBuster-1.0-RC1 (http://www.owasp.org/index.php/Category:OWASP_DirBuster_Project)" "-"
45.138.145.106 - - [23/Dec/2020:12:56:20 +0100] "POST /index.php?option=com_contact&view=contact&id=1 HTTP/1.1" 200 188 "-" "Mozilla/5.0(Linux;Android10;SM-N960F)AppleWebKit/537.36(KHTML,likeGecko)Chrome/83.0.4103.106MobileSafari/537.36" "-"
73.169.232.206 - - [16/Jan/2022:09:57:40 +0100] "GET /lezbo_honeys HTTP/1.1" 404 218 "-" "Fuzz Faster U Fool v1.3.1-dev" "-"
96.32.128.5 - - [04/Apr/2022:01:36:23 +0200] "HEAD /images/banners/FTP-Archie.jpg HTTP/1.1" 404 0 "-" "DirBuster-1.0-RC1 (http://www.owasp.org/index.php/Category:OWASP_DirBuster_Project)" "-"
82.209.218.4 - - [24/Feb/2022:03:04:43 +0100] "GET /apache-log/access.log HTTP/1.1" 206 1024 "-" "-" "-"
17.121.115.205 - - [20/Dec/2021:03:53:53 +0100] "GET /robots.txt HTTP/1.1" 200 304 "-" "Mozilla/5.0 (Macintosh; Intel Mac OS X 10_15_5) AppleWebKit/605.1.15 (KHTML, like Gecko) Version/13.1.1 Safari/605.1.15 (Applebot/0.1; +http://www.apple.com/go/applebot)" "-"
73.169.232.206 - - [16/Jan/2022:10:20:31 +0100] "GET /images/corp_logo HTTP/1.1" 404 222 "-" "Fuzz Faster U Fool v1.3.1-dev" "-"
47.242.156.55 - - [05/Jan/2021:19:36:59 +0100] "GET /administrator/index.php HTTP/1.1" 200 4263 "" "Mozilla/4.0 (compatible; MSIE 6.0; Windows NT 5.1; SV1; .NET CLR 1.1.4322)" "-"
172.93.129.211 - - [11/May/2021:21:29:05 +0200] "GET /components/com_joomlalib/ HTTP/1.1" 404 231 "-" "Mozilla/5.0 (compatible; MSIE 10.0; Windows NT 6.1; WOW64; Trident/6.0)" "-"
47.39.156.135 - - [01/Apr/2022:15:51:03 +0200] "HEAD /plugins/user/51124/ HTTP/1.1" 404 0 "-" "DirBuster-1.0-RC1 (http://www.owasp.org/index.php/Category:OWASP_DirBuster_Project)" "-"
47.39.156.135 - - [02/Apr/2022:02:35:40 +0200] "HEAD /includes/js/589.php HTTP/1.1" 404 0 "-" "DirBuster-1.0-RC1 (http://www.owasp.org/index.php/Category:OWASP_DirBuster_Project)" "-"
47.39.156.135 - - [01/Apr/2022:15:20:17 +0200] "HEAD /modules/mod_bowslideshow/tmpl/debian/ HTTP/1.1" 404 0 "-" "DirBuster-1.0-RC1 (http://www.owasp.org/index.php/Category:OWASP_DirBuster_Project)" "-"
96.32.128.5 - - [04/Apr/2022:01:28:37 +0200] "HEAD /images/smilies/digitalimag/ HTTP/1.1" 404 0 "-" "DirBuster-1.0-RC1 (http://www.owasp.org/index.php/Category:OWASP_DirBuster_Project)" "-"
47.39.156.135 - - [01/Apr/2022:16:41:39 +0200] "GET /templates/system/error/167/ HTTP/1.1" 200 29 "-" "DirBuster-1.0-RC1 (http://www.owasp.org/index.php/Category:OWASP_DirBuster_Project)" "-"
47.39.156.135 - - [02/Apr/2022:01:56:45 +0200] "HEAD /tmp/406.php HTTP/1.1" 404 0 "-" "DirBuster-1.0-RC1 (http://www.owasp.org/index.php/Category:OWASP_DirBuster_Project)" "-"
73.169.232.206 - - [16/Jan/2022:09:53:14 +0100] "GET /rightside_sm HTTP/1.1" 404 218 "-" "Fuzz Faster U Fool v1.3.1-dev" "-"
47.39.156.135 - - [02/Apr/2022:01:36:26 +0200] "GET /includes/application/worldsex HTTP/1.1" 200 29 "-" "DirBuster-1.0-RC1 (http://www.owasp.org/index.php/Category:OWASP_DirBuster_Project)" "-"
73.169.232.206 - - [16/Jan/2022:10:10:42 +0100] "GET /3608-2 HTTP/1.1" 404 212 "-" "Fuzz Faster U Fool v1.3.1-dev" "-"
47.39.156.135 - - [02/Apr/2022:00:28:31 +0200] "HEAD /modules/mod_bowslideshow/987.php HTTP/1.1" 404 0 "-" "DirBuster-1.0-RC1 (http://www.owasp.org/index.php/Category:OWASP_DirBuster_Project)" "-"
47.39.156.135 - - [01/Apr/2022:15:41:56 +0200] "HEAD /templates/jp_hotel/js/1486.php HTTP/1.1" 404 0 "-" "DirBuster-1.0-RC1 (http://www.owasp.org/index.php/Category:OWASP_DirBuster_Project)" "-"
47.39.156.135 - - [01/Apr/2022:15:31:34 +0200] "HEAD /images/smilies/originalContent/ HTTP/1.1" 404 0 "-" "DirBuster-1.0-RC1 (http://www.owasp.org/index.php/Category:OWASP_DirBuster_Project)" "-"
95.208.160.29 - - [17/Sep/2022:13:52:58 +0200] "GET /a-register HTTP/1.1" 404 216 "-" "gobuster/3.1.0" "-"
47.39.156.135 - - [01/Apr/2022:15:16:25 +0200] "HEAD /modules/mod_bowslideshow/tmpl/images/strona_14/ HTTP/1.1" 404 0 "-" "DirBuster-1.0-RC1 (http://www.owasp.org/index.php/Category:OWASP_DirBuster_Project)" "-"
45.133.216.41 - - [27/Nov/2022:20:25:09 +0100] "GET /administrator/index.php HTTP/1.1" 200 4263 "-" "Mozilla/5.0 (Windows NT 10.0; WOW64) AppleWebKit/537.36 (KHTML, like Gecko) Chrome/75.0.3770.100 Safari/537.36" "-"
14.139.110.137 - - [12/Apr/2022:09:44:26 +0200] "GET /apache-log/access.log HTTP/1.1" 206 42096 "http://www.almhuette-raith.at/apache-log/" "Mozilla/5.0 (Windows NT 6.1; Trident/7.0; rv:11.0) like Gecko" "-"
82.209.218.4 - - [23/Feb/2022:19:32:43 +0100] "GET /apache-log/access.log HTTP/1.1" 206 1024 "-" "-" "-"
96.32.128.5 - - [03/Apr/2022:23:22:40 +0200] "HEAD /images/banners/hir6.php HTTP/1.1" 404 0 "-" "DirBuster-1.0-RC1 (http://www.owasp.org/index.php/Category:OWASP_DirBuster_Project)" "-"
113.14.181.185 - - [10/Jul/2022:19:19:06 +0200] "GET /apache-log/access.log HTTP/1.1" 206 37984 "https://www.google.com/search?q=filetype:log+access&newwindow=1&sxsrf=ALiCzsZlfpGy6zLdkrZ1xyZhMat0Ws-8GA:1657467179999&ei=K_HKYqrFPK-S1e8PsKi96Aw&start=0&sa=N&ved=2ahUKEwjqhvaz0u74AhUvSfUHHTBUD804ChDy0wN6BAgBEDw&biw=2560&bih=1304&dpr=2" "Mozilla/5.0 (Macintosh; Intel Mac OS X 10_15_7) AppleWebKit/537.36 (KHTML, like Gecko) Chrome/103.0.0.0 Safari/537.36" "-"
96.32.128.5 - - [03/Apr/2022:23:41:06 +0200] "HEAD /images/stories/slideshow/nav_10.css HTTP/1.1" 404 0 "-" "DirBuster-1.0-RC1 (http://www.owasp.org/index.php/Category:OWASP_DirBuster_Project)" "-"
73.169.232.206 - - [16/Jan/2022:09:50:10 +0100] "GET /039524 HTTP/1.1" 404 212 "-" "Fuzz Faster U Fool v1.3.1-dev" "-"
73.169.232.206 - - [16/Jan/2022:09:28:02 +0100] "GET /virusbuster HTTP/1.1" 404 217 "-" "Fuzz Faster U Fool v1.3.1-dev" "-"
20.13.130.49 - - [28/Sep/2022:13:58:33 +0200] "GET / HTTP/1.1" 200 10439 "-" "Mozilla/5.0 (Windows NT 10.0; Win64; x64) AppleWebKit/537.36 (KHTML, like Gecko) Chrome/78.0.3904.108 Safari/537.36" "-"
47.39.156.135 - - [01/Apr/2022:16:24:50 +0200] "HEAD /templates/system/xbox360/ HTTP/1.1" 404 0 "-" "DirBuster-1.0-RC1 (http://www.owasp.org/index.php/Category:OWASP_DirBuster_Project)" "-"
96.32.128.5 - - [04/Apr/2022:01:43:13 +0200] "HEAD /images/stories/slideshow/haftung/ HTTP/1.1" 404 0 "-" "DirBuster-1.0-RC1 (http://www.owasp.org/index.php/Category:OWASP_DirBuster_Project)" "-"
47.39.156.135 - - [01/Apr/2022:23:56:39 +0200] "GET /templates/system/component/hand.html HTTP/1.1" 200 29 "-" "DirBuster-1.0-RC1 (http://www.owasp.org/index.php/Category:OWASP_DirBuster_Project)" "-"
47.39.156.135 - - [02/Apr/2022:02:01:54 +0200] "HEAD /includes/js/calendar/1031/ HTTP/1.1" 404 0 "-" "DirBuster-1.0-RC1 (http://www.owasp.org/index.php/Category:OWASP_DirBuster_Project)" "-"
47.39.156.135 - - [01/Apr/2022:16:11:16 +0200] "HEAD /cache/community/ HTTP/1.1" 404 0 "-" "DirBuster-1.0-RC1 (http://www.owasp.org/index.php/Category:OWASP_DirBuster_Project)" "-"
47.39.156.135 - - [01/Apr/2022:15:55:11 +0200] "GET /includes/application/mideast/ HTTP/1.1" 200 29 "-" "DirBuster-1.0-RC1 (http://www.owasp.org/index.php/Category:OWASP_DirBuster_Project)" "-"
47.39.156.135 - - [01/Apr/2022:23:51:03 +0200] "HEAD /includes/js/tabs/141.html HTTP/1.1" 404 0 "-" "DirBuster-1.0-RC1 (http://www.owasp.org/index.php/Category:OWASP_DirBuster_Project)" "-"
